// Vitest Snapshot v1, https://vitest.dev/guide/snapshot.html

exports[`parseFile snapshots > snapshots Identifiers.scala 1`] = `
{
  "chunks": [
    {
      "chunkKind": "class",
      "container": undefined,
      "contentHash": "f89c32100a79e3f6",
      "endByte": 191,
      "language": "scala",
      "lineEnd": 5,
      "lineStart": 5,
      "name": "WorkspaceId",
      "startByte": 133,
    },
    {
      "chunkKind": "class",
      "container": undefined,
      "contentHash": "2847b0c26e640a74",
      "endByte": 246,
      "language": "scala",
      "lineEnd": 7,
      "lineStart": 7,
      "name": "NodeId",
      "startByte": 193,
    },
    {
      "chunkKind": "class",
      "container": undefined,
      "contentHash": "d79bfe54e1660f23",
      "endByte": 448,
      "language": "scala",
      "lineEnd": 15,
      "lineStart": 9,
      "name": "Identifiers",
      "startByte": 248,
    },
    {
      "chunkKind": "function",
      "container": "Identifiers",
      "contentHash": "0ecc8f79a318ce0c",
      "endByte": 321,
      "language": "scala",
      "lineEnd": 10,
      "lineStart": 10,
      "name": "nodeId",
      "startByte": 271,
    },
    {
      "chunkKind": "function",
      "container": "Identifiers",
      "contentHash": "4a2d15a355a66a93",
      "endByte": 390,
      "language": "scala",
      "lineEnd": 12,
      "lineStart": 12,
      "name": "workspaceId",
      "startByte": 325,
    },
    {
      "chunkKind": "function",
      "container": "Identifiers",
      "contentHash": "894168cff2017366",
      "endByte": 446,
      "language": "scala",
      "lineEnd": 14,
      "lineStart": 14,
      "name": "isBlank",
      "startByte": 394,
    },
  ],
  "entities": [
    {
      "kind": "file",
      "language": "scala",
      "lineEnd": 16,
      "lineStart": 1,
      "name": "Identifiers.scala",
    },
    {
      "container": undefined,
      "kind": "class",
      "language": "scala",
      "lineEnd": 5,
      "lineStart": 5,
      "name": "WorkspaceId",
      "packageScope": undefined,
    },
    {
      "container": undefined,
      "kind": "class",
      "language": "scala",
      "lineEnd": 7,
      "lineStart": 7,
      "name": "NodeId",
      "packageScope": undefined,
    },
    {
      "container": undefined,
      "kind": "class",
      "language": "scala",
      "lineEnd": 15,
      "lineStart": 9,
      "name": "Identifiers",
      "packageScope": undefined,
    },
    {
      "container": "Identifiers",
      "kind": "function",
      "language": "scala",
      "lineEnd": 10,
      "lineStart": 10,
      "name": "nodeId",
      "packageScope": undefined,
    },
    {
      "container": "Identifiers",
      "kind": "function",
      "language": "scala",
      "lineEnd": 12,
      "lineStart": 12,
      "name": "workspaceId",
      "packageScope": undefined,
    },
    {
      "container": "Identifiers",
      "kind": "function",
      "language": "scala",
      "lineEnd": 14,
      "lineStart": 14,
      "name": "isBlank",
      "packageScope": undefined,
    },
  ],
  "exportPublicNames": undefined,
  "filePath": "core-ingestion/test-fixtures/scala-repo/src/main/scala/ix/sample/model/Identifiers.scala",
  "fileRole": {
    "role": "production",
    "role_confidence": 0.5,
    "role_signals": [],
  },
  "importAliases": undefined,
  "importBindings": undefined,
  "language": "scala",
  "relationships": [
    {
      "dstName": "WorkspaceId",
      "predicate": "CONTAINS",
      "srcName": "Identifiers.scala",
    },
    {
      "dstName": "AnyVal",
      "predicate": "EXTENDS",
      "srcName": "WorkspaceId",
    },
    {
      "dstName": "NodeId",
      "predicate": "CONTAINS",
      "srcName": "Identifiers.scala",
    },
    {
      "dstName": "AnyVal",
      "predicate": "EXTENDS",
      "srcName": "NodeId",
    },
    {
      "dstName": "Identifiers",
      "predicate": "CONTAINS",
      "srcName": "Identifiers.scala",
    },
    {
      "dstName": "nodeId",
      "predicate": "CONTAINS",
      "srcName": "Identifiers",
    },
    {
      "dstName": "workspaceId",
      "predicate": "CONTAINS",
      "srcName": "Identifiers",
    },
    {
      "dstName": "isBlank",
      "predicate": "CONTAINS",
      "srcName": "Identifiers",
    },
    {
      "dstName": "NodeId",
      "predicate": "REFERENCES",
      "srcName": "Identifiers.nodeId",
    },
    {
      "dstName": "NodeId",
      "predicate": "CALLS",
      "srcName": "Identifiers.nodeId",
    },
    {
      "dstName": "WorkspaceId",
      "predicate": "REFERENCES",
      "srcName": "Identifiers.workspaceId",
    },
    {
      "dstName": "WorkspaceId",
      "predicate": "CALLS",
      "srcName": "Identifiers.workspaceId",
    },
  ],
}
`;

exports[`parseFile snapshots > snapshots Node.scala 1`] = `
{
  "chunks": [
    {
      "chunkKind": "interface",
      "container": undefined,
      "contentHash": "2c3602b7735b0980",
      "endByte": 506,
      "language": "scala",
      "lineEnd": 12,
      "lineStart": 12,
      "name": "NodeKind",
      "startByte": 485,
    },
    {
      "chunkKind": "class",
      "container": undefined,
      "contentHash": "b850691c07cad41c",
      "endByte": 687,
      "language": "scala",
      "lineEnd": 19,
      "lineStart": 14,
      "name": "NodeKind",
      "startByte": 508,
    },
    {
      "chunkKind": "class",
      "container": "NodeKind",
      "contentHash": "12598e5fe79c0e34",
      "endByte": 565,
      "language": "scala",
      "lineEnd": 15,
      "lineStart": 15,
      "name": "Module",
      "startByte": 528,
    },
    {
      "chunkKind": "class",
      "container": "NodeKind",
      "contentHash": "7dfa5e9b2a11d532",
      "endByte": 605,
      "language": "scala",
      "lineEnd": 16,
      "lineStart": 16,
      "name": "File",
      "startByte": 568,
    },
    {
      "chunkKind": "class",
      "container": "NodeKind",
      "contentHash": "1b4ff062f9924dc4",
      "endByte": 645,
      "language": "scala",
      "lineEnd": 17,
      "lineStart": 17,
      "name": "Class",
      "startByte": 608,
    },
    {
      "chunkKind": "class",
      "container": "NodeKind",
      "contentHash": "79d42ac9f2b6c985",
      "endByte": 685,
      "language": "scala",
      "lineEnd": 18,
      "lineStart": 18,
      "name": "Function",
      "startByte": 648,
    },
    {
      "chunkKind": "class",
      "container": undefined,
      "contentHash": "c588319971f82fee",
      "endByte": 783,
      "language": "scala",
      "lineEnd": 26,
      "lineStart": 21,
      "name": "Node",
      "startByte": 689,
    },
    {
      "chunkKind": "class",
      "container": undefined,
      "contentHash": "74e0de9b40b263e7",
      "endByte": 914,
      "language": "scala",
      "lineEnd": 31,
      "lineStart": 28,
      "name": "Node",
      "startByte": 785,
    },
    {
      "chunkKind": "function",
      "container": "Node",
      "contentHash": "bcf16f274d8cc256",
      "endByte": 913,
      "language": "scala",
      "lineEnd": 31,
      "lineStart": 29,
      "name": "module",
      "startByte": 801,
    },
  ],
  "entities": [
    {
      "kind": "file",
      "language": "scala",
      "lineEnd": 32,
      "lineStart": 1,
      "name": "Node.scala",
    },
    {
      "container": undefined,
      "kind": "interface",
      "language": "scala",
      "lineEnd": 12,
      "lineStart": 12,
      "name": "NodeKind",
      "packageScope": undefined,
    },
    {
      "container": undefined,
      "kind": "class",
      "language": "scala",
      "lineEnd": 19,
      "lineStart": 14,
      "name": "NodeKind",
      "packageScope": undefined,
    },
    {
      "container": "NodeKind",
      "kind": "class",
      "language": "scala",
      "lineEnd": 15,
      "lineStart": 15,
      "name": "Module",
      "packageScope": undefined,
    },
    {
      "container": "NodeKind",
      "kind": "class",
      "language": "scala",
      "lineEnd": 16,
      "lineStart": 16,
      "name": "File",
      "packageScope": undefined,
    },
    {
      "container": "NodeKind",
      "kind": "class",
      "language": "scala",
      "lineEnd": 17,
      "lineStart": 17,
      "name": "Class",
      "packageScope": undefined,
    },
    {
      "container": "NodeKind",
      "kind": "class",
      "language": "scala",
      "lineEnd": 18,
      "lineStart": 18,
      "name": "Function",
      "packageScope": undefined,
    },
    {
      "container": undefined,
      "kind": "class",
      "language": "scala",
      "lineEnd": 26,
      "lineStart": 21,
      "name": "Node",
      "packageScope": undefined,
    },
    {
      "container": undefined,
      "kind": "class",
      "language": "scala",
      "lineEnd": 31,
      "lineStart": 28,
      "name": "Node",
      "packageScope": undefined,
    },
    {
      "container": "Node",
      "kind": "function",
      "language": "scala",
      "lineEnd": 31,
      "lineStart": 29,
      "name": "module",
      "packageScope": undefined,
    },
    {
      "kind": "module",
      "language": "scala",
      "lineEnd": 10,
      "lineStart": 10,
      "name": "java.time.Instant",
    },
  ],
  "exportPublicNames": undefined,
  "filePath": "core-ingestion/test-fixtures/scala-repo/src/main/scala/ix/sample/model/Node.scala",
  "fileRole": {
    "role": "production",
    "role_confidence": 0.5,
    "role_signals": [],
  },
  "importAliases": undefined,
  "importBindings": undefined,
  "language": "scala",
  "relationships": [
    {
      "dstName": "NodeKind",
      "predicate": "CONTAINS",
      "srcName": "Node.scala",
    },
    {
      "dstName": "NodeKind",
      "predicate": "CONTAINS",
      "srcName": "Node.scala",
    },
    {
      "dstName": "Module",
      "predicate": "CONTAINS",
      "srcName": "NodeKind",
    },
    {
      "dstName": "NodeKind",
      "predicate": "EXTENDS",
      "srcName": "Module",
    },
    {
      "dstName": "File",
      "predicate": "CONTAINS",
      "srcName": "NodeKind",
    },
    {
      "dstName": "NodeKind",
      "predicate": "EXTENDS",
      "srcName": "File",
    },
    {
      "dstName": "Class",
      "predicate": "CONTAINS",
      "srcName": "NodeKind",
    },
    {
      "dstName": "NodeKind",
      "predicate": "EXTENDS",
      "srcName": "Class",
    },
    {
      "dstName": "Function",
      "predicate": "CONTAINS",
      "srcName": "NodeKind",
    },
    {
      "dstName": "NodeKind",
      "predicate": "EXTENDS",
      "srcName": "Function",
    },
    {
      "dstName": "Node",
      "predicate": "CONTAINS",
      "srcName": "Node.scala",
    },
    {
      "dstName": "Node",
      "predicate": "CONTAINS",
      "srcName": "Node.scala",
    },
    {
      "dstName": "module",
      "predicate": "CONTAINS",
      "srcName": "Node",
    },
    {
      "dstName": "java.time.Instant",
      "predicate": "IMPORTS",
      "srcName": "Node.scala",
    },
    {
      "dstName": "NodeKind",
      "predicate": "REFERENCES",
      "srcName": "Node",
    },
    {
      "dstName": "Instant",
      "predicate": "REFERENCES",
      "srcName": "Node",
    },
    {
      "dstName": "Instant",
      "predicate": "REFERENCES",
      "srcName": "Node.module",
    },
    {
      "dstName": "Node",
      "predicate": "REFERENCES",
      "srcName": "Node.module",
    },
    {
      "dstName": "Node",
      "predicate": "CALLS",
      "srcName": "Node.module",
    },
    {
      "dstName": "NodeKind.Module",
      "predicate": "CALLS",
      "srcName": "Node.module",
    },
  ],
}
`;

exports[`parseFile snapshots > snapshots a TypeScript command module 1`] = `
{
  "chunks": [
    {
      "chunkKind": "interface",
      "container": undefined,
      "contentHash": "d3ddb9e65bb91943",
      "endByte": 729,
      "language": "typescript",
      "lineEnd": 18,
      "lineStart": 14,
      "name": "CheckResult",
      "startByte": 654,
    },
    {
      "chunkKind": "function",
      "container": undefined,
      "contentHash": "6c07d4a71f08370e",
      "endByte": 1055,
      "language": "typescript",
      "lineEnd": 30,
      "lineStart": 24,
      "name": "runChecks",
      "startByte": 832,
    },
    {
      "chunkKind": "function",
      "container": undefined,
      "contentHash": "80dea54a583ce51e",
      "endByte": 1361,
      "language": "typescript",
      "lineEnd": 40,
      "lineStart": 32,
      "name": "runOne",
      "startByte": 1057,
    },
    {
      "chunkKind": "function",
      "container": undefined,
      "contentHash": "23dc5c83e71305af",
      "endByte": 1542,
      "language": "typescript",
      "lineEnd": 46,
      "lineStart": 42,
      "name": "statusOf",
      "startByte": 1370,
    },
    {
      "chunkKind": "class",
      "container": undefined,
      "contentHash": "3a95f788f5a59860",
      "endByte": 1855,
      "language": "typescript",
      "lineEnd": 62,
      "lineStart": 48,
      "name": "CheckRunner",
      "startByte": 1551,
    },
    {
      "chunkKind": "method",
      "container": "CheckRunner",
      "contentHash": "b57207da8a75d395",
      "endByte": 1677,
      "language": "typescript",
      "lineEnd": 53,
      "lineStart": 51,
      "name": "constructor",
      "startByte": 1615,
    },
    {
      "chunkKind": "method",
      "container": "CheckRunner",
      "contentHash": "c3b37b9c0a27616e",
      "endByte": 1742,
      "language": "typescript",
      "lineEnd": 57,
      "lineStart": 55,
      "name": "load",
      "startByte": 1681,
    },
    {
      "chunkKind": "method",
      "container": "CheckRunner",
      "contentHash": "ebf38e56bde93e51",
      "endByte": 1853,
      "language": "typescript",
      "lineEnd": 61,
      "lineStart": 59,
      "name": "describe",
      "startByte": 1746,
    },
  ],
  "entities": [
    {
      "kind": "file",
      "language": "typescript",
      "lineEnd": 65,
      "lineStart": 1,
      "name": "sample-command.ts",
    },
    {
      "container": undefined,
      "kind": "interface",
      "language": "typescript",
      "lineEnd": 18,
      "lineStart": 14,
      "name": "CheckResult",
      "packageScope": undefined,
    },
    {
      "container": undefined,
      "kind": "function",
      "language": "typescript",
      "lineEnd": 30,
      "lineStart": 24,
      "name": "runChecks",
      "packageScope": undefined,
    },
    {
      "container": undefined,
      "kind": "function",
      "language": "typescript",
      "lineEnd": 40,
      "lineStart": 32,
      "name": "runOne",
      "packageScope": undefined,
    },
    {
      "container": undefined,
      "kind": "function",
      "language": "typescript",
      "lineEnd": 46,
      "lineStart": 42,
      "name": "statusOf",
      "packageScope": undefined,
    },
    {
      "container": undefined,
      "kind": "class",
      "language": "typescript",
      "lineEnd": 62,
      "lineStart": 48,
      "name": "CheckRunner",
      "packageScope": undefined,
    },
    {
      "container": "CheckRunner",
      "kind": "method",
      "language": "typescript",
      "lineEnd": 53,
      "lineStart": 51,
      "name": "constructor",
      "packageScope": undefined,
    },
    {
      "container": "CheckRunner",
      "kind": "method",
      "language": "typescript",
      "lineEnd": 57,
      "lineStart": 55,
      "name": "load",
      "packageScope": undefined,
    },
    {
      "container": "CheckRunner",
      "kind": "method",
      "language": "typescript",
      "lineEnd": 61,
      "lineStart": 59,
      "name": "describe",
      "packageScope": undefined,
    },
    {
      "kind": "module",
      "language": "typescript",
      "lineEnd": 11,
      "lineStart": 11,
      "name": "node:fs",
    },
    {
      "kind": "module",
      "language": "typescript",
      "lineEnd": 12,
      "lineStart": 12,
      "name": "node:path",
    },
  ],
  "exportPublicNames": undefined,
  "filePath": "core-ingestion/test-fixtures/typescript/sample-command.ts",
  "fileRole": {
    "role": "fixture",
    "role_confidence": 0.6,
    "role_signals": [
      "filename:sample",
    ],
  },
  "importAliases": undefined,
  "importBindings": [
    {
      "imported": "readFileSync",
      "local": "readFileSync",
      "pkg": "node:fs",
    },
    {
      "imported": "default",
      "local": "path",
      "pkg": "node:path",
    },
  ],
  "language": "typescript",
  "relationships": [
    {
      "dstName": "CheckResult",
      "predicate": "CONTAINS",
      "srcName": "sample-command.ts",
    },
    {
      "dstName": "runChecks",
      "predicate": "CONTAINS",
      "srcName": "sample-command.ts",
    },
    {
      "dstName": "runOne",
      "predicate": "CONTAINS",
      "srcName": "sample-command.ts",
    },
    {
      "dstName": "statusOf",
      "predicate": "CONTAINS",
      "srcName": "sample-command.ts",
    },
    {
      "dstName": "CheckRunner",
      "predicate": "CONTAINS",
      "srcName": "sample-command.ts",
    },
    {
      "dstName": "constructor",
      "predicate": "CONTAINS",
      "srcName": "CheckRunner",
    },
    {
      "dstName": "load",
      "predicate": "CONTAINS",
      "srcName": "CheckRunner",
    },
    {
      "dstName": "describe",
      "predicate": "CONTAINS",
      "srcName": "CheckRunner",
    },
    {
      "dstName": "node:fs",
      "importRaw": "node:fs",
      "predicate": "IMPORTS",
      "srcName": "sample-command.ts",
    },
    {
      "dstName": "node:path",
      "importRaw": "node:path",
      "predicate": "IMPORTS",
      "srcName": "sample-command.ts",
    },
    {
      "dstName": "push",
      "predicate": "CALLS",
      "srcName": "runChecks",
    },
    {
      "dstName": "runOne",
      "predicate": "CALLS",
      "srcName": "runChecks",
    },
    {
      "dstName": "join",
      "predicate": "CALLS",
      "srcName": "runOne",
    },
    {
      "dstName": "readFileSync",
      "predicate": "CALLS",
      "srcName": "runOne",
    },
    {
      "dstName": "CheckStatus",
      "predicate": "REFERENCES",
      "srcName": "statusOf",
    },
    {
      "dstName": "every",
      "predicate": "CALLS",
      "srcName": "statusOf",
    },
    {
      "dstName": "some",
      "predicate": "CALLS",
      "srcName": "statusOf",
    },
    {
      "dstName": "loader",
      "predicate": "CALLS",
      "srcName": "CheckRunner.load",
    },
    {
      "dstName": "CheckRunner.loader",
      "predicate": "CALLS",
      "srcName": "CheckRunner.load",
    },
    {
      "dstName": "statusOf",
      "predicate": "CALLS",
      "srcName": "CheckRunner.describe",
    },
    {
      "dstName": "runChecks",
      "predicate": "CALLS",
      "srcName": "sample-command.ts",
    },
  ],
}
`;
