// Vitest Snapshot v1, https://vitest.dev/guide/snapshot.html

exports[`parseFile snapshots > snapshots doctor.ts 1`] = `
{
  "chunks": [
    {
      "chunkKind": "interface",
      "container": undefined,
      "contentHash": "2af0710a68e6f595",
      "endByte": 322,
      "language": "typescript",
      "lineEnd": 10,
      "lineStart": 7,
      "name": "Check",
      "startByte": 232,
    },
    {
      "chunkKind": "function",
      "container": undefined,
      "contentHash": "a80b54ecd0296c6e",
      "endByte": 3307,
      "language": "typescript",
      "lineEnd": 100,
      "lineStart": 12,
      "name": "registerDoctorCommand",
      "startByte": 331,
    },
  ],
  "entities": [
    {
      "kind": "file",
      "language": "typescript",
      "lineEnd": 101,
      "lineStart": 1,
      "name": "doctor.ts",
    },
    {
      "container": undefined,
      "kind": "interface",
      "language": "typescript",
      "lineEnd": 10,
      "lineStart": 7,
      "name": "Check",
    },
    {
      "container": undefined,
      "kind": "function",
      "language": "typescript",
      "lineEnd": 100,
      "lineStart": 12,
      "name": "registerDoctorCommand",
    },
    {
      "kind": "module",
      "language": "typescript",
      "lineEnd": 1,
      "lineStart": 1,
      "name": "commander",
    },
    {
      "kind": "module",
      "language": "typescript",
      "lineEnd": 2,
      "lineStart": 2,
      "name": "chalk",
    },
    {
      "kind": "module",
      "language": "typescript",
      "lineEnd": 3,
      "lineStart": 3,
      "name": "ui.js",
    },
    {
      "kind": "module",
      "language": "typescript",
      "lineEnd": 4,
      "lineStart": 4,
      "name": "api.js",
    },
    {
      "kind": "module",
      "language": "typescript",
      "lineEnd": 5,
      "lineStart": 5,
      "name": "config.js",
    },
  ],
  "filePath": "ix-cli/src/cli/commands/doctor.ts",
  "fileRole": {
    "role": "production",
    "role_confidence": 0.5,
    "role_signals": [],
  },
  "importAliases": undefined,
  "language": "typescript",
  "relationships": [
    {
      "dstName": "Check",
      "predicate": "CONTAINS",
      "srcName": "doctor.ts",
    },
    {
      "dstName": "registerDoctorCommand",
      "predicate": "CONTAINS",
      "srcName": "doctor.ts",
    },
    {
      "dstName": "commander",
      "predicate": "IMPORTS",
      "srcName": "doctor.ts",
    },
    {
      "dstName": "chalk",
      "predicate": "IMPORTS",
      "srcName": "doctor.ts",
    },
    {
      "dstName": "ui.js",
      "predicate": "IMPORTS",
      "srcName": "doctor.ts",
    },
    {
      "dstName": "api.js",
      "predicate": "IMPORTS",
      "srcName": "doctor.ts",
    },
    {
      "dstName": "config.js",
      "predicate": "IMPORTS",
      "srcName": "doctor.ts",
    },
    {
      "dstName": "Command",
      "predicate": "REFERENCES",
      "srcName": "registerDoctorCommand",
    },
    {
      "dstName": "command",
      "predicate": "CALLS",
      "srcName": "registerDoctorCommand",
    },
    {
      "dstName": "description",
      "predicate": "CALLS",
      "srcName": "registerDoctorCommand",
    },
    {
      "dstName": "option",
      "predicate": "CALLS",
      "srcName": "registerDoctorCommand",
    },
    {
      "dstName": "action",
      "predicate": "CALLS",
      "srcName": "registerDoctorCommand",
    },
    {
      "dstName": "getEndpoint",
      "predicate": "CALLS",
      "srcName": "registerDoctorCommand",
    },
    {
      "dstName": "IxClient",
      "predicate": "CALLS",
      "srcName": "registerDoctorCommand",
    },
    {
      "dstName": "health",
      "predicate": "CALLS",
      "srcName": "registerDoctorCommand",
    },
    {
      "dstName": "stats",
      "predicate": "CALLS",
      "srcName": "registerDoctorCommand",
    },
    {
      "dstName": "conflicts",
      "predicate": "CALLS",
      "srcName": "registerDoctorCommand",
    },
    {
      "dstName": "isArray",
      "predicate": "CALLS",
      "srcName": "registerDoctorCommand",
    },
    {
      "dstName": "run",
      "predicate": "CALLS",
      "srcName": "registerDoctorCommand",
    },
    {
      "dstName": "push",
      "predicate": "CALLS",
      "srcName": "registerDoctorCommand",
    },
    {
      "dstName": "every",
      "predicate": "CALLS",
      "srcName": "registerDoctorCommand",
    },
    {
      "dstName": "stringify",
      "predicate": "CALLS",
      "srcName": "registerDoctorCommand",
    },
    {
      "dstName": "renderSection",
      "predicate": "CALLS",
      "srcName": "registerDoctorCommand",
    },
    {
      "dstName": "green",
      "predicate": "CALLS",
      "srcName": "registerDoctorCommand",
    },
    {
      "dstName": "red",
      "predicate": "CALLS",
      "srcName": "registerDoctorCommand",
    },
    {
      "dstName": "dim",
      "predicate": "CALLS",
      "srcName": "registerDoctorCommand",
    },
    {
      "dstName": "renderSuccess",
      "predicate": "CALLS",
      "srcName": "registerDoctorCommand",
    },
    {
      "dstName": "renderError",
      "predicate": "CALLS",
      "srcName": "registerDoctorCommand",
    },
  ],
}
`;
